// Jest Snapshot v1, https://goo.gl/fbAQLP

exports[`constructor's page renders correctly renders the page 1`] = `
Object {
  "asFragment": [Function],
  "baseElement": <body>
    <div>
      <div
        class="constructorsDetailsContainer"
      >
        <div
          class="constructorsStandings"
        >
          <div
            class="constructorImg"
          >
            <div
              class="mask"
            />
          </div>
          <div
            class="constructorsTitleDiv"
          >
            <h2
              class="constructorsTitle"
            >
              CONSTRUCTOR'S STANDINGS
            </h2>
          </div>
        </div>
        <table>
          <thead>
            <tr
              id="head"
            >
              <th>
                NAME
              </th>
              <th>
                POSITION
              </th>
              <th>
                WINS
              </th>
              <th>
                POINTS
              </th>
            </tr>
          </thead>
          <tbody />
        </table>
      </div>
    </div>
  </body>,
  "container": <div>
    <div
      class="constructorsDetailsContainer"
    >
      <div
        class="constructorsStandings"
      >
        <div
          class="constructorImg"
        >
          <div
            class="mask"
          />
        </div>
        <div
          class="constructorsTitleDiv"
        >
          <h2
            class="constructorsTitle"
          >
            CONSTRUCTOR'S STANDINGS
          </h2>
        </div>
      </div>
      <table>
        <thead>
          <tr
            id="head"
          >
            <th>
              NAME
            </th>
            <th>
              POSITION
            </th>
            <th>
              WINS
            </th>
            <th>
              POINTS
            </th>
          </tr>
        </thead>
        <tbody />
      </table>
    </div>
  </div>,
  "debug": [Function],
  "findAllByAltText": [Function],
  "findAllByDisplayValue": [Function],
  "findAllByLabelText": [Function],
  "findAllByPlaceholderText": [Function],
  "findAllByRole": [Function],
  "findAllByTestId": [Function],
  "findAllByText": [Function],
  "findAllByTitle": [Function],
  "findByAltText": [Function],
  "findByDisplayValue": [Function],
  "findByLabelText": [Function],
  "findByPlaceholderText": [Function],
  "findByRole": [Function],
  "findByTestId": [Function],
  "findByText": [Function],
  "findByTitle": [Function],
  "getAllByAltText": [Function],
  "getAllByDisplayValue": [Function],
  "getAllByLabelText": [Function],
  "getAllByPlaceholderText": [Function],
  "getAllByRole": [Function],
  "getAllByTestId": [Function],
  "getAllByText": [Function],
  "getAllByTitle": [Function],
  "getByAltText": [Function],
  "getByDisplayValue": [Function],
  "getByLabelText": [Function],
  "getByPlaceholderText": [Function],
  "getByRole": [Function],
  "getByTestId": [Function],
  "getByText": [Function],
  "getByTitle": [Function],
  "queryAllByAltText": [Function],
  "queryAllByDisplayValue": [Function],
  "queryAllByLabelText": [Function],
  "queryAllByPlaceholderText": [Function],
  "queryAllByRole": [Function],
  "queryAllByTestId": [Function],
  "queryAllByText": [Function],
  "queryAllByTitle": [Function],
  "queryByAltText": [Function],
  "queryByDisplayValue": [Function],
  "queryByLabelText": [Function],
  "queryByPlaceholderText": [Function],
  "queryByRole": [Function],
  "queryByTestId": [Function],
  "queryByText": [Function],
  "queryByTitle": [Function],
  "rerender": [Function],
  "unmount": [Function],
}
`;
